// Jest Snapshot v1, https://goo.gl/fbAQLP

exports[`<GeneralText /> Should render GeneralText 1`] = `
<Text
  style={
    Object {
      "color": "",
      "fontFamily": "",
      "fontSize": 0,
    }
  }
>
  
</Text>
`;
