// Jest Snapshot v1, https://goo.gl/fbAQLP

exports[`<WelcomeComponent /> Should render WelcomeComponent 1`] = `
<Wrapper>
  <Text
    style={
      Object {
        "color": "#1c1c1c",
        "fontFamily": "Roboto-Bold",
        "fontSize": 20,
      }
    }
  >
    Hello
  </Text>
  <GeneralText
    color="#1c1c1c"
    size={25}
    title="Hello"
    variant="Roboto-Bold"
  />
  <Icon
    color="#ea3d13"
    name="rocket"
    size={25}
  />
</Wrapper>
`;
