// Jest Snapshot v1, https://goo.gl/fbAQLP

exports[`<Wrapper /> Should render Wrapper 1`] = `
<RCTSafeAreaView
  emulateUnlessSupported={true}
  style={
    Object {
      "alignItems": "center",
      "flex": 1,
    }
  }
>
  
</RCTSafeAreaView>
`;
